// Jest Snapshot v1, https://goo.gl/fbAQLP

exports[`<Hello /> matches snapshot 1`] = `
<div>
  <h1>
    Hello~! 
    hello~~~!
  </h1>
</div>
`;
